╭──────────────────────────────────────────────────────────────────────────────────────────────────────────────────────────────────────╮
│   Name                                                                                         Sessions    Tools   Prompts    Errors │
│ ──────────────────────────────────────────────────────────────────────────────────────────────────────────────────────────────────── │
│ ▸ coder                                                                                               1        2         1         1 │
│   explorer                                                                                            1        0         0         0 │
│                                                                                                                                      │
│ showing  2/2                                                                                                                         │
╰──────────────────────────────────────────────────────────────────────────────────────────────────────────────────────────────────────╯