╭────────────────────────────────────────────────────────╮ ╭───────────────────────────────────────────────────────╮
│ ▸ Summary                                              │ │ ▸ Activity                                            │
│   logs dir: .kapm/logs                                 │ │   █                                                   │
│   sessions:   2      active: 1                         │ │   09                                                  │
│   agents:     2      errors: 1                         │ │   max: 6 events/hour                                  │
│   tool calls: 2      prompts: 1                        │ ╰───────────────────────────────────────────────────────╯
╰────────────────────────────────────────────────────────╯                                                          
╭────────────────────────────────────╮ ╭────────────────────────────────────╮ ╭────────────────────────────────────╮
│ ▸ Top tools                        │ │ ▸ Top agents                       │ │ ▸ Skills (reads)                   │
│   bash         ███    1 err:  0.0% │ │   Name           Sess Tools Prompt │ │   task-verification  ████████    3 │
│   grep         ███    1 err:100.0% │ │   coder             1     2      1 │ │   git-master         ██          1 │
│                                    │ │   explorer          1     0      0 │ │                                    │
╰────────────────────────────────────╯ │                                    │ ╰────────────────────────────────────╯
                                       ╰────────────────────────────────────╯                                       
╭──────────────────────────────────────────────────────────────────────────────────────────────────────────────────╮
│ ▸ Recent active sessions                                                                                         │
│   ID            Agent       Title                                     Duration  Status     Tools  Prompts        │
│ Credits  Last act                                                                                                │
│ ──────────────────────────────────────────────────────────────────────────────────────────────────────────────── │
│   abcdef123456  coder       —                                         5s        ● active       2        1        │
│ —  04-20 09:00                                                                                                   │
│   fedcba987654  explorer    —                                         1m00s     ○ done         0        0        │
│ —  04-20 10:01                                                                                                   │
│                                                                                                                  │
╰──────────────────────────────────────────────────────────────────────────────────────────────────────────────────╯