╭──────────────────────────────────────────────────────────────────────────────────────────────────────────────────────────────────────╮
│   ID           Agent            Title                                    Dur      Status    Tool Prompt Files Credits Last act       │
│ ──────────────────────────────────────────────────────────────────────────────────────────────────────────────────────────────────── │
│ ▸ abcdef123456 coder            —                                        5s       ● active     2     1     0       — 04-20 18:00     │
│   fedcba987654 explorer         —                                        1m00s    ○ done       0     0     0       — 04-20 19:01     │
│                                                                                                                                      │
│ showing  2/2                                                                                                                         │
╰──────────────────────────────────────────────────────────────────────────────────────────────────────────────────────────────────────╯