╭──────────────────────────────────────────────────────────────────────────────────────────────────────────────────────────────────────╮
│ ▸ Summary                                                                                                                            │
│   logs dir: ~/.kapm/logs                                                                                                             │
│   sessions:   6      active: 2                                                                                                       │
│   agents:     4      errors: 10                                                                                                      │
│   tool calls: 38     prompts: 13                                                                                                     │
╰──────────────────────────────────────────────────────────────────────────────────────────────────────────────────────────────────────╯