╭──────────────────────────────────────────────────────────────────────────────────────────────────────────────────────────────────────╮
│   Name                                                                     Calls  Bar                    Errors     Err%     Avg dur │
│ ──────────────────────────────────────────────────────────────────────────────────────────────────────────────────────────────────── │
│ ▸ bash                                                                         1  ████████████████████        0    0.0%          1s  │
│   grep                                                                         1  ████████████████████        1  100.0%           -  │
│                                                                                                                                      │
│ showing  2/2                                                                                                                         │
╰──────────────────────────────────────────────────────────────────────────────────────────────────────────────────────────────────────╯